[04:38:28] 1/720 hatch_pscans_global seed=0 vwrs: placement 4.8s match=True
[04:38:28] 2/720 hatch_pscans_global seed=1 vwrs: placement 4.8s match=True
[04:38:28] 3/720 hatch_pscans_global seed=3 vwrs: placement 4.8s match=True
[04:38:28] 4/720 hatch_pscans_global seed=2 vwrs: placement 4.8s match=True
[04:38:28] 5/720 hatch_pscans_global seed=4 vwrs: placement 4.8s match=True
[04:38:28] 6/720 hatch_pscans_global seed=5 vwrs: placement 4.8s match=True
[04:38:33] 7/720 hatch_pscans_global seed=6 vwrs: placement 5.3s match=True
[04:38:33] 8/720 hatch_pscans_global seed=7 vwrs: placement 5.2s match=True
[04:38:33] 9/720 hatch_pscans_global seed=8 vwrs: placement 5.3s match=True
[04:38:39] 10/720 hatch_pscans_global seed=9 vwrs: placement 6.0s match=True
[04:38:45] 11/720 hatch_pscans_global seed=10 vwrs: placement 6.2s match=True
[04:40:08] 12/720 hatch_pscans_global seed=1 vurs: placement 105.2s match=True
[04:40:16] 13/720 hatch_pscans_global seed=11 vwrs: placement 7.9s match=True
[04:40:18] 14/720 hatch_pscans_global seed=0 vurs: placement 115.1s match=True
[04:40:26] 15/720 hatch_pscans_global seed=12 vwrs: placement 8.1s match=True
[04:40:41] 16/720 hatch_pscans_global seed=4 vurs: placement 138.3s match=True
[04:40:46] 17/720 hatch_pscans_global seed=6 vurs: placement 138.5s match=True
[04:40:49] 18/720 hatch_pscans_global seed=11 vurs: placement 123.3s match=True
[04:40:49] 19/720 hatch_pscans_global seed=13 vwrs: placement 7.4s match=True
[04:40:56] 20/720 hatch_pscans_global seed=14 vwrs: placement 7.0s match=True
[04:40:58] 21/720 hatch_pscans_global seed=8 vurs: placement 150.3s match=True
[04:40:58] 22/720 hatch_pscans_global seed=2 vurs: placement 155.5s match=True
[04:41:02] 23/720 hatch_pscans_global seed=15 vwrs: placement 6.7s match=True
[04:41:05] 24/720 hatch_pscans_global seed=16 vwrs: placement 6.5s match=True
[04:41:08] 25/720 hatch_pscans_global seed=5 vurs: placement 165.1s match=True
[04:41:12] 26/720 hatch_pscans_global seed=17 vwrs: placement 6.7s match=True
[04:41:15] 27/720 hatch_pscans_global seed=7 vurs: placement 166.9s match=True
[04:41:18] 28/720 hatch_pscans_global seed=3 vurs: placement 175.5s match=True
[04:41:19] 29/720 hatch_pscans_global seed=18 vwrs: placement 6.9s match=True
[04:41:25] 30/720 hatch_pscans_global seed=19 vwrs: placement 6.9s match=True
[04:41:26] 31/720 hatch_pscans_global seed=9 vurs: placement 173.4s match=True
[04:41:30] 32/720 hatch_pscans3 seed=0 vwrs: placement 4.8s match=True
[04:41:34] 33/720 hatch_pscans_global seed=10 vurs: placement 180.8s match=True
[04:41:35] 34/720 hatch_pscans3 seed=1 vwrs: placement 4.9s match=True
[04:41:40] 35/720 hatch_pscans3 seed=2 vwrs: placement 4.8s match=True
[04:42:50] 36/720 hatch_pscans_global seed=13 vurs: placement 143.7s match=True
[04:42:56] 37/720 hatch_pscans3 seed=3 vwrs: placement 5.6s match=True
[04:42:57] 38/720 hatch_pscans_global seed=12 vurs: placement 161.4s match=True
[04:43:03] 39/720 hatch_pscans3 seed=4 vwrs: placement 5.4s match=True
[04:43:10] 40/720 hatch_pscans_global seed=14 vurs: placement 144.2s match=True
[04:43:12] 41/720 hatch_pscans3 seed=0 vurs: placement 113.5s match=True
[04:43:16] 42/720 hatch_pscans3 seed=5 vwrs: placement 5.3s match=True
[04:43:21] 43/720 hatch_pscans3 seed=6 vwrs: placement 5.3s match=True
[04:43:24] 44/720 hatch_pscans_global seed=15 vurs: placement 155.6s match=True
[04:43:29] 45/720 hatch_pscans_global seed=18 vurs: placement 140.7s match=True
[04:43:29] 46/720 hatch_pscans3 seed=7 vwrs: placement 5.0s match=True
[04:43:34] 47/720 hatch_pscans3 seed=8 vwrs: placement 4.9s match=True
[04:43:58] 48/720 hatch_pscans3 seed=2 vurs: placement 143.6s match=True
[04:44:01] 49/720 hatch_pscans_global seed=17 vurs: placement 178.8s match=True
[04:44:03] 50/720 hatch_pscans3 seed=9 vwrs: placement 5.2s match=True
[04:44:08] 51/720 hatch_pscans3 seed=10 vwrs: placement 5.4s match=True
[04:44:09] 52/720 hatch_pscans_global seed=16 vurs: placement 191.3s match=True
[04:44:15] 53/720 hatch_pscans3 seed=11 vwrs: placement 5.2s match=True
[04:44:56] 54/720 hatch_pscans_global seed=19 vurs: placement 221.5s match=True
[04:45:02] 55/720 hatch_pscans3 seed=12 vwrs: placement 5.5s match=True
[04:45:16] 56/720 hatch_pscans3 seed=1 vurs: placement 229.5s match=True
[04:45:21] 57/720 hatch_pscans3 seed=4 vurs: placement 145.5s match=True
[04:45:22] 58/720 hatch_pscans3 seed=13 vwrs: placement 5.5s match=True
[04:45:27] 59/720 hatch_pscans3 seed=14 vwrs: placement 5.4s match=True
[04:45:52] 60/720 hatch_pscans3 seed=3 vurs: placement 251.8s match=True
[04:45:58] 61/720 hatch_pscans3 seed=15 vwrs: placement 5.7s match=True
[04:46:16] 62/720 hatch_pscans3 seed=8 vurs: placement 166.9s match=True
[04:46:18] 63/720 hatch_pscans3 seed=6 vurs: placement 185.5s match=True
[04:46:21] 64/720 hatch_pscans3 seed=16 vwrs: placement 5.4s match=True
[04:46:27] 65/720 hatch_pscans3 seed=17 vwrs: placement 5.5s match=True
[04:46:51] 66/720 hatch_pscans3 seed=10 vurs: placement 170.2s match=True
[04:46:53] 67/720 hatch_pscans3 seed=5 vurs: placement 229.9s match=True
[04:46:57] 68/720 hatch_pscans3 seed=18 vwrs: placement 5.7s match=True
[04:47:02] 69/720 hatch_pscans3 seed=19 vwrs: placement 5.3s match=True
[04:47:05] 70/720 hatch_pscans_global seed=0 vwrs-b5: placement 1.6s N=256 E1 0.408
[04:47:07] 71/720 hatch_pscans_global seed=0 vwrs-b5r: placement 1.7s N=256 E1 0.586
[04:47:08] 72/720 hatch_pscans_global seed=0 vwrs-b10: placement 0.9s N=256 E1 0.379
[04:47:10] 73/720 hatch_pscans_global seed=0 vwrs-b10r: placement 0.8s N=256 E1 0.430
[04:47:11] 74/720 hatch_pscans_global seed=0 vwrs-b15: placement 0.6s N=256 E1 0.333
[04:47:12] 75/720 hatch_pscans_global seed=0 vwrs-b15r: placement 0.6s N=256 E1 0.528
[04:47:13] 76/720 hatch_pscans_global seed=0 vwrs-b20: placement 0.5s N=256 E1 0.228
[04:47:14] 77/720 hatch_pscans_global seed=0 vwrs-b20r: placement 0.4s N=256 E1 0.434
[04:47:50] 78/720 hatch_pscans3 seed=11 vurs: placement 221.6s match=True
[04:47:50] 79/720 hatch_pscans3 seed=13 vurs: placement 168.8s match=True
[04:47:52] 80/720 hatch_pscans_global seed=0 vurs-b5: placement 38.4s N=256 E1 0.306
[04:47:55] 81/720 hatch_pscans3 seed=7 vurs: placement 273.6s match=True
[04:48:05] 82/720 hatch_pscans3 seed=12 vurs: placement 230.4s match=True
[04:48:08] 83/720 hatch_pscans_global seed=0 vurs-b15: placement 13.1s N=256 E1 0.389
[04:48:09] 84/720 hatch_pscans_global seed=0 vurs-b10: placement 18.0s N=256 E1 0.378
[04:48:11] 85/720 hatch_pscans_global seed=0 vurs-b10r: placement 18.5s N=256 E1 0.626
[04:48:14] 86/720 hatch_pscans_global seed=1 vwrs-b5: placement 1.8s N=256 E1 0.364
[04:48:16] 87/720 hatch_pscans_global seed=1 vwrs-b5r: placement 2.0s N=256 E1 0.233
[04:48:17] 88/720 hatch_pscans3 seed=9 vurs: placement 282.1s match=True
[04:48:18] 89/720 hatch_pscans_global seed=1 vwrs-b10: placement 0.9s N=256 E1 0.395
[04:48:18] 90/720 hatch_pscans_global seed=1 vwrs-b10r: placement 0.8s N=256 E1 0.369
[04:48:19] 91/720 hatch_pscans_global seed=0 vurs-b15r: placement 12.9s N=256 E1 0.408
[04:48:19] 92/720 hatch_pscans_global seed=1 vwrs-b15: placement 0.6s N=256 E1 0.338
[04:48:19] 93/720 hatch_pscans_global seed=1 vwrs-b15r: placement 0.5s N=256 E1 0.477
[04:48:19] 94/720 hatch_pscans_global seed=0 vurs-b20: placement 10.1s N=256 E1 0.281
[04:48:19] 95/720 hatch_pscans_global seed=1 vwrs-b20: placement 0.4s N=256 E1 0.355
[04:48:19] 96/720 hatch_pscans_global seed=1 vwrs-b20r: placement 0.4s N=256 E1 0.430
[04:48:20] 97/720 hatch_pscans_global seed=0 vurs-b20r: placement 10.0s N=256 E1 0.566
[04:48:26] 98/720 hatch_pscans_global seed=0 vurs-b5r: placement 35.2s N=256 E1 0.302
[04:48:30] 99/720 hatch_pscans3 seed=15 vurs: placement 182.9s match=True
[04:48:35] 100/720 hatch_pscans_global seed=1 vurs-b15: placement 15.3s N=256 E1 0.421
[04:48:42] 101/720 hatch_pscans_global seed=1 vurs-b15r: placement 15.5s N=256 E1 0.536
[04:48:44] 102/720 hatch_pscans_global seed=2 vwrs-b5: placement 1.7s N=256 E1 0.641
[04:48:46] 103/720 hatch_pscans_global seed=2 vwrs-b5r: placement 1.7s N=256 E1 0.314
[04:48:47] 104/720 hatch_pscans_global seed=1 vurs-b10: placement 27.5s N=256 E1 0.400
[04:48:47] 105/720 hatch_pscans_global seed=2 vwrs-b10: placement 0.8s N=256 E1 0.300
[04:48:48] 106/720 hatch_pscans_global seed=1 vurs-b10r: placement 28.5s N=256 E1 0.427
[04:48:48] 107/720 hatch_pscans_global seed=2 vwrs-b15: placement 0.5s N=256 E1 0.395
[04:48:49] 108/720 hatch_pscans_global seed=2 vwrs-b10r: placement 0.7s N=256 E1 0.585
[04:48:49] 109/720 hatch_pscans_global seed=2 vwrs-b20: placement 0.4s N=256 E1 0.306
[04:48:49] 110/720 hatch_pscans_global seed=2 vwrs-b15r: placement 0.5s N=256 E1 0.344
[04:48:49] 111/720 hatch_pscans_global seed=1 vurs-b20: placement 19.0s N=256 E1 0.613
[04:48:49] 112/720 hatch_pscans_global seed=2 vwrs-b20r: placement 0.4s N=256 E1 0.434
[04:48:52] 113/720 hatch_pscans_global seed=1 vurs-b20r: placement 16.3s N=256 E1 0.469
[04:48:56] 114/720 hatch_pscans3 seed=14 vurs: placement 215.2s match=True
[04:49:02] 115/720 hatch_pscans_global seed=1 vurs-b5r: placement 42.8s N=256 E1 0.413
[04:49:08] 116/720 hatch_pscans_global seed=2 vurs-b15: placement 15.9s N=256 E1 0.357
[04:49:13] 117/720 hatch_pscans_global seed=2 vurs-b10r: placement 22.8s N=256 E1 0.463
[04:49:13] 118/720 hatch_pscans_global seed=1 vurs-b5: placement 53.4s N=256 E1 0.425
[04:49:14] 119/720 hatch_pscans_global seed=2 vurs-b10: placement 24.5s N=256 E1 0.358
[04:49:15] 120/720 hatch_pscans_global seed=3 vwrs-b5: placement 1.5s N=256 E1 0.425
[04:49:15] 121/720 hatch_pscans_global seed=3 vwrs-b5r: placement 1.5s N=256 E1 0.384
[04:49:16] 122/720 hatch_pscans_global seed=3 vwrs-b10: placement 0.8s N=256 E1 0.456
[04:49:16] 123/720 hatch_pscans_global seed=3 vwrs-b15: placement 0.5s N=256 E1 0.366
[04:49:16] 124/720 hatch_pscans_global seed=3 vwrs-b10r: placement 0.7s N=256 E1 0.478
[04:49:17] 125/720 hatch_pscans_global seed=3 vwrs-b20: placement 0.4s N=256 E1 0.451
[04:49:17] 126/720 hatch_pscans_global seed=3 vwrs-b15r: placement 0.5s N=256 E1 0.429
[04:49:17] 127/720 hatch_pscans_global seed=3 vwrs-b20r: placement 0.4s N=256 E1 0.507
[04:49:17] 128/720 hatch_pscans_global seed=2 vurs-b20: placement 14.1s N=256 E1 0.300
[04:49:17] 129/720 hatch_pscans_global seed=2 vurs-b15r: placement 20.6s N=256 E1 0.456
[04:49:21] 130/720 hatch_pscans_global seed=2 vurs-b20r: placement 12.4s N=256 E1 0.429
[04:49:23] 131/720 hatch_pscans3 seed=18 vurs: placement 176.1s match=True
[04:49:33] 132/720 hatch_pscans_global seed=2 vurs-b5: placement 43.5s N=256 E1 0.431
[04:49:33] 133/720 hatch_pscans_global seed=3 vurs-b15: placement 15.6s N=256 E1 0.452
[04:49:35] 134/720 hatch_pscans_global seed=3 vurs-b20: placement 11.2s N=256 E1 0.500
[04:49:36] 135/720 hatch_pscans_global seed=4 vwrs-b5: placement 1.8s N=256 E1 0.277
[04:49:37] 136/720 hatch_pscans_global seed=4 vwrs-b5r: placement 1.6s N=256 E1 0.367
[04:49:37] 137/720 hatch_pscans_global seed=4 vwrs-b10: placement 0.8s N=256 E1 0.516
[04:49:38] 138/720 hatch_pscans_global seed=2 vurs-b5r: placement 47.9s N=256 E1 0.307
[04:49:38] 139/720 hatch_pscans_global seed=4 vwrs-b15: placement 0.5s N=256 E1 0.462
[04:49:38] 140/720 hatch_pscans_global seed=4 vwrs-b10r: placement 0.8s N=256 E1 0.508
[04:49:39] 141/720 hatch_pscans_global seed=4 vwrs-b15r: placement 0.5s N=256 E1 0.459
[04:49:39] 142/720 hatch_pscans_global seed=4 vwrs-b20: placement 0.4s N=256 E1 0.392
[04:49:39] 143/720 hatch_pscans_global seed=4 vwrs-b20r: placement 0.4s N=256 E1 0.320
[04:49:39] 144/720 hatch_pscans_global seed=3 vurs-b15r: placement 17.4s N=256 E1 0.487
[04:49:40] 145/720 hatch_pscans_global seed=3 vurs-b10r: placement 22.1s N=256 E1 0.350
[04:49:42] 146/720 hatch_pscans_global seed=3 vurs-b10: placement 25.3s N=256 E1 0.323
[04:49:46] 147/720 hatch_pscans_global seed=3 vurs-b20r: placement 12.3s N=256 E1 0.460
[04:49:57] 148/720 hatch_pscans_global seed=4 vurs-b15: placement 16.7s N=256 E1 0.334
[04:50:01] 149/720 hatch_pscans_global seed=4 vurs-b15r: placement 17.5s N=256 E1 0.712
[04:50:01] 150/720 hatch_pscans_global seed=4 vurs-b20: placement 14.8s N=256 E1 0.563
[04:50:03] 151/720 hatch_pscans_global seed=4 vurs-b10: placement 23.1s N=256 E1 0.283
[04:50:03] 152/720 hatch_pscans_global seed=5 vwrs-b5: placement 1.7s N=256 E1 0.377
[04:50:03] 153/720 hatch_pscans_global seed=3 vurs-b5r: placement 46.0s N=256 E1 0.378
[04:50:03] 154/720 hatch_pscans_global seed=4 vurs-b10r: placement 23.5s N=256 E1 0.368
[04:50:03] 155/720 hatch_pscans_global seed=5 vwrs-b5r: placement 1.7s N=256 E1 0.558
[04:50:04] 156/720 hatch_pscans_global seed=5 vwrs-b10: placement 0.7s N=256 E1 0.455
[04:50:04] 157/720 hatch_pscans_global seed=5 vwrs-b10r: placement 0.7s N=256 E1 0.531
[04:50:04] 158/720 hatch_pscans_global seed=5 vwrs-b15: placement 0.5s N=256 E1 0.348
[04:50:04] 159/720 hatch_pscans_global seed=5 vwrs-b15r: placement 0.4s N=256 E1 0.474
[04:50:04] 160/720 hatch_pscans_global seed=5 vwrs-b20: placement 0.4s N=256 E1 0.346
[04:50:05] 161/720 hatch_pscans_global seed=5 vwrs-b20r: placement 0.3s N=256 E1 0.400
[04:50:05] 162/720 hatch_pscans_global seed=3 vurs-b5: placement 48.5s N=256 E1 0.319
[04:50:09] 163/720 hatch_pscans_global seed=4 vurs-b20r: placement 12.2s N=256 E1 0.306
[04:50:24] 164/720 hatch_pscans_global seed=4 vurs-b5r: placement 44.8s N=256 E1 0.324
[04:50:24] 165/720 hatch_pscans_global seed=4 vurs-b5: placement 45.3s N=256 E1 0.361
[04:50:26] 166/720 hatch_pscans_global seed=5 vurs-b15: placement 20.7s N=256 E1 0.388
[04:50:26] 167/720 hatch_pscans_global seed=5 vurs-b15r: placement 20.3s N=256 E1 0.540
[04:50:26] 168/720 hatch_pscans_global seed=6 vwrs-b5: placement 1.7s N=256 E1 0.310
[04:50:27] 169/720 hatch_pscans_global seed=6 vwrs-b10: placement 0.7s N=256 E1 0.661
[04:50:28] 170/720 hatch_pscans_global seed=6 vwrs-b5r: placement 1.5s N=256 E1 0.375
[04:50:28] 171/720 hatch_pscans_global seed=6 vwrs-b10r: placement 0.7s N=256 E1 0.489
[04:50:28] 172/720 hatch_pscans3 seed=16 vurs: placement 270.1s match=True
[04:50:28] 173/720 hatch_pscans_global seed=5 vurs-b20: placement 18.2s N=256 E1 0.443
[04:50:28] 174/720 hatch_pscans_global seed=6 vwrs-b15: placement 0.5s N=256 E1 0.270
[04:50:29] 175/720 hatch_pscans_global seed=6 vwrs-b20: placement 0.4s N=256 E1 0.366
[04:50:29] 176/720 hatch_pscans_global seed=6 vwrs-b15r: placement 0.5s N=256 E1 0.486
[04:50:29] 177/720 hatch_pscans_global seed=6 vwrs-b20r: placement 0.4s N=256 E1 0.436
[04:50:34] 178/720 hatch_pscans_global seed=5 vurs-b10r: placement 29.7s N=256 E1 0.451
[04:50:35] 179/720 hatch_pscans_global seed=5 vurs-b10: placement 30.0s N=256 E1 0.332
[04:50:39] 180/720 hatch_pscans_global seed=5 vurs-b20r: placement 14.1s N=256 E1 0.559
[04:50:43] 181/720 hatch_pscans_global seed=6 vurs-b15: placement 14.0s N=256 E1 0.341
[04:50:46] 182/720 hatch_pscans_global seed=7 vwrs-b5: placement 1.9s N=256 E1 0.380
[04:50:47] 183/720 hatch_pscans_global seed=5 vurs-b5: placement 42.3s N=256 E1 0.426
[04:50:47] 184/720 hatch_pscans_global seed=6 vurs-b20: placement 12.1s N=256 E1 0.546
[04:50:48] 185/720 hatch_pscans_global seed=7 vwrs-b5r: placement 1.7s N=256 E1 0.286
[04:50:48] 186/720 hatch_pscans_global seed=7 vwrs-b10: placement 0.8s N=256 E1 0.419
[04:50:48] 187/720 hatch_pscans_global seed=7 vwrs-b10r: placement 0.8s N=256 E1 0.391
[04:50:49] 188/720 hatch_pscans_global seed=7 vwrs-b15: placement 0.6s N=256 E1 0.311
[04:50:49] 189/720 hatch_pscans_global seed=7 vwrs-b15r: placement 0.6s N=256 E1 0.506
[04:50:49] 190/720 hatch_pscans_global seed=7 vwrs-b20: placement 0.4s N=256 E1 0.355
[04:50:50] 191/720 hatch_pscans_global seed=7 vwrs-b20r: placement 0.4s N=256 E1 0.526
[04:50:50] 192/720 hatch_pscans_global seed=6 vurs-b10: placement 20.9s N=256 E1 0.334
[04:50:50] 193/720 hatch_pscans_global seed=6 vurs-b10r: placement 21.1s N=256 E1 0.392
[04:50:51] 194/720 hatch_pscans_global seed=6 vurs-b15r: placement 15.7s N=256 E1 0.309
[04:50:52] 195/720 hatch_pscans_global seed=6 vurs-b20r: placement 12.3s N=256 E1 0.384
[04:50:54] 196/720 hatch_pscans_global seed=5 vurs-b5r: placement 49.6s N=256 E1 0.433
[04:51:03] 197/720 hatch_pscans_global seed=7 vurs-b20: placement 11.1s N=256 E1 0.344
[04:51:06] 198/720 hatch_pscans_global seed=8 vwrs-b5: placement 1.9s N=256 E1 0.499
[04:51:06] 199/720 hatch_pscans_global seed=6 vurs-b5: placement 37.7s N=256 E1 0.480
[04:51:07] 200/720 hatch_pscans_global seed=7 vurs-b15: placement 16.9s N=256 E1 0.435
[04:51:08] 201/720 hatch_pscans_global seed=8 vwrs-b10: placement 0.8s N=256 E1 0.273
[04:51:08] 202/720 hatch_pscans_global seed=8 vwrs-b5r: placement 1.6s N=256 E1 0.580
[04:51:09] 203/720 hatch_pscans_global seed=8 vwrs-b15: placement 0.5s N=256 E1 0.342
[04:51:09] 204/720 hatch_pscans_global seed=8 vwrs-b10r: placement 0.8s N=256 E1 0.377
[04:51:09] 205/720 hatch_pscans_global seed=8 vwrs-b15r: placement 0.5s N=256 E1 0.260
[04:51:09] 206/720 hatch_pscans_global seed=8 vwrs-b20: placement 0.4s N=256 E1 0.294
[04:51:10] 207/720 hatch_pscans_global seed=8 vwrs-b20r: placement 0.4s N=256 E1 0.283
[04:51:10] 208/720 hatch_pscans_global seed=7 vurs-b20r: placement 15.4s N=256 E1 0.457
[04:51:10] 209/720 hatch_pscans_global seed=7 vurs-b15r: placement 19.0s N=256 E1 0.476
[04:51:11] 210/720 hatch_pscans_global seed=6 vurs-b5r: placement 41.8s N=256 E1 0.443
[04:51:15] 211/720 hatch_pscans_global seed=7 vurs-b10: placement 24.8s N=256 E1 0.314
[04:51:15] 212/720 hatch_pscans_global seed=7 vurs-b10r: placement 25.1s N=256 E1 0.449
[04:51:29] 213/720 hatch_pscans_global seed=8 vurs-b15r: placement 17.4s N=256 E1 0.574
[04:51:29] 214/720 hatch_pscans_global seed=8 vurs-b15: placement 18.1s N=256 E1 0.430
[04:51:30] 215/720 hatch_pscans_global seed=8 vurs-b20r: placement 14.6s N=256 E1 0.455
[04:51:31] 216/720 hatch_pscans_global seed=8 vurs-b20: placement 15.1s N=256 E1 0.438
[04:51:31] 217/720 hatch_pscans_global seed=9 vwrs-b5: placement 1.6s N=256 E1 0.560
[04:51:31] 218/720 hatch_pscans_global seed=9 vwrs-b5r: placement 1.6s N=256 E1 0.357
[04:51:31] 219/720 hatch_pscans_global seed=7 vurs-b5: placement 41.7s N=256 E1 0.352
[04:51:32] 220/720 hatch_pscans_global seed=9 vwrs-b15: placement 0.5s N=256 E1 0.378
[04:51:32] 221/720 hatch_pscans_global seed=9 vwrs-b10: placement 0.7s N=256 E1 0.467
[04:51:32] 222/720 hatch_pscans_global seed=9 vwrs-b15r: placement 0.5s N=256 E1 0.408
[04:51:32] 223/720 hatch_pscans_global seed=9 vwrs-b10r: placement 0.7s N=256 E1 0.424
[04:51:32] 224/720 hatch_pscans_global seed=9 vwrs-b20: placement 0.4s N=256 E1 0.390
[04:51:32] 225/720 hatch_pscans_global seed=9 vwrs-b20r: placement 0.4s N=256 E1 0.300
[04:51:33] 226/720 hatch_pscans_global seed=8 vurs-b10r: placement 22.9s N=256 E1 0.279
[04:51:34] 227/720 hatch_pscans_global seed=8 vurs-b10: placement 23.5s N=256 E1 0.424
[04:51:40] 228/720 hatch_pscans3 seed=17 vurs: placement 322.2s match=True
[04:51:42] 229/720 hatch_pscans_global seed=7 vurs-b5r: placement 52.4s N=256 E1 0.332
[04:51:45] 230/720 hatch_pscans_global seed=10 vwrs-b5: placement 1.8s N=256 E1 0.530
[04:51:47] 231/720 hatch_pscans_global seed=10 vwrs-b5r: placement 1.7s N=256 E1 0.520
[04:51:48] 232/720 hatch_pscans_global seed=10 vwrs-b10: placement 0.9s N=256 E1 0.593
[04:51:50] 233/720 hatch_pscans_global seed=10 vwrs-b10r: placement 0.8s N=256 E1 0.490
[04:51:51] 234/720 hatch_pscans_global seed=9 vurs-b20: placement 16.4s N=256 E1 0.393
[04:51:51] 235/720 hatch_pscans_global seed=10 vwrs-b15: placement 0.6s N=256 E1 0.331
[04:51:52] 236/720 hatch_pscans_global seed=10 vwrs-b15r: placement 0.6s N=256 E1 0.421
[04:51:52] 237/720 hatch_pscans_global seed=10 vwrs-b20: placement 0.5s N=256 E1 0.436
[04:51:53] 238/720 hatch_pscans_global seed=9 vurs-b15: placement 19.7s N=256 E1 0.371
[04:51:53] 239/720 hatch_pscans_global seed=10 vwrs-b20r: placement 0.4s N=256 E1 0.374
[04:51:54] 240/720 hatch_pscans_global seed=9 vurs-b10r: placement 21.7s N=256 E1 0.420
[04:51:55] 241/720 hatch_pscans_global seed=9 vurs-b15r: placement 20.7s N=256 E1 0.359
[04:51:55] 242/720 hatch_pscans_global seed=8 vurs-b5: placement 45.6s N=256 E1 0.284
[04:51:56] 243/720 hatch_pscans_global seed=8 vurs-b5r: placement 46.0s N=256 E1 0.223
[04:51:57] 244/720 hatch_pscans_global seed=9 vurs-b10: placement 24.8s N=256 E1 0.375
[04:51:58] 245/720 hatch_pscans_global seed=9 vurs-b20r: placement 17.5s N=256 E1 0.600
[04:52:00] 246/720 hatch_pscans_global seed=11 vwrs-b5: placement 1.6s N=256 E1 0.447
[04:52:02] 247/720 hatch_pscans_global seed=11 vwrs-b5r: placement 1.7s N=256 E1 0.518
[04:52:04] 248/720 hatch_pscans_global seed=11 vwrs-b10: placement 0.9s N=256 E1 0.417
[04:52:05] 249/720 hatch_pscans_global seed=11 vwrs-b10r: placement 0.9s N=256 E1 0.415
[04:52:06] 250/720 hatch_pscans_global seed=11 vwrs-b15: placement 0.7s N=256 E1 0.293
[04:52:08] 251/720 hatch_pscans_global seed=11 vwrs-b15r: placement 0.7s N=256 E1 0.511
[04:52:08] 252/720 hatch_pscans_global seed=11 vwrs-b20: placement 0.5s N=256 E1 0.267
[04:52:09] 253/720 hatch_pscans_global seed=11 vwrs-b20r: placement 0.4s N=256 E1 0.465
[04:52:12] 254/720 hatch_pscans_global seed=10 vurs-b20: placement 15.8s N=256 E1 0.268
[04:52:13] 255/720 hatch_pscans_global seed=10 vurs-b20r: placement 15.5s N=256 E1 0.573
[04:52:14] 256/720 hatch_pscans_global seed=10 vurs-b15: placement 18.9s N=256 E1 0.321
[04:52:14] 257/720 hatch_pscans_global seed=10 vurs-b15r: placement 18.7s N=256 E1 0.296
[04:52:14] 258/720 hatch_pscans3 seed=19 vurs: placement 321.3s match=True
[04:52:16] 259/720 hatch_pscans_global seed=9 vurs-b5r: placement 43.4s N=256 E1 0.297
[04:52:20] 260/720 hatch_pscans_global seed=10 vurs-b10: placement 26.9s N=256 E1 0.330
[04:52:22] 261/720 hatch_pscans_global seed=10 vurs-b10r: placement 27.8s N=256 E1 0.394
[04:52:24] 262/720 hatch_pscans_global seed=12 vwrs-b5: placement 1.6s N=256 E1 0.429
[04:52:27] 263/720 hatch_pscans_global seed=12 vwrs-b5r: placement 1.8s N=256 E1 0.473
[04:52:27] 264/720 hatch_pscans_global seed=11 vurs-b20: placement 10.7s N=256 E1 0.482
[04:52:27] 265/720 hatch_pscans_global seed=11 vurs-b15r: placement 12.3s N=256 E1 0.414
[04:52:28] 266/720 hatch_pscans_global seed=12 vwrs-b10: placement 0.8s N=256 E1 0.449
[04:52:28] 267/720 hatch_pscans_global seed=12 vwrs-b10r: placement 0.8s N=256 E1 0.491
[04:52:28] 268/720 hatch_pscans_global seed=12 vwrs-b15: placement 0.5s N=256 E1 0.392
[04:52:29] 269/720 hatch_pscans_global seed=12 vwrs-b20: placement 0.4s N=256 E1 0.370
[04:52:29] 270/720 hatch_pscans_global seed=12 vwrs-b15r: placement 0.5s N=256 E1 0.556
[04:52:29] 271/720 hatch_pscans_global seed=12 vwrs-b20r: placement 0.4s N=256 E1 0.508
[04:52:30] 272/720 hatch_pscans_global seed=11 vurs-b15: placement 15.5s N=256 E1 0.414
[04:52:31] 273/720 hatch_pscans_global seed=11 vurs-b10r: placement 16.5s N=256 E1 0.309
[04:52:31] 274/720 hatch_pscans_global seed=9 vurs-b5: placement 59.2s N=256 E1 0.378
[04:52:34] 275/720 hatch_pscans_global seed=11 vurs-b10: placement 20.2s N=256 E1 0.276
[04:52:34] 276/720 hatch_pscans_global seed=11 vurs-b20r: placement 13.3s N=256 E1 0.482
[04:52:44] 277/720 hatch_pscans_global seed=10 vurs-b5r: placement 50.6s N=256 E1 0.335
[04:52:46] 278/720 hatch_pscans_global seed=13 vwrs-b5: placement 1.8s N=256 E1 0.375
[04:52:46] 279/720 hatch_pscans_global seed=12 vurs-b15r: placement 14.6s N=256 E1 0.530
[04:52:47] 280/720 hatch_pscans_global seed=11 vurs-b5r: placement 34.0s N=256 E1 0.329
[04:52:47] 281/720 hatch_pscans_global seed=10 vurs-b5: placement 54.5s N=256 E1 0.345
[04:52:47] 282/720 hatch_pscans_global seed=11 vurs-b5: placement 36.9s N=256 E1 0.417
[04:52:47] 283/720 hatch_pscans_global seed=12 vurs-b20: placement 13.3s N=256 E1 0.636
[04:52:47] 284/720 hatch_pscans_global seed=13 vwrs-b10: placement 0.7s N=256 E1 0.404
[04:52:48] 285/720 hatch_pscans_global seed=13 vwrs-b15: placement 0.5s N=256 E1 0.364
[04:52:48] 286/720 hatch_pscans_global seed=13 vwrs-b15r: placement 0.4s N=256 E1 0.355
[04:52:48] 287/720 hatch_pscans_global seed=13 vwrs-b5r: placement 1.4s N=256 E1 0.328
[04:52:48] 288/720 hatch_pscans_global seed=13 vwrs-b10r: placement 0.7s N=256 E1 0.317
[04:52:48] 289/720 hatch_pscans_global seed=13 vwrs-b20: placement 0.3s N=256 E1 0.322
[04:52:48] 290/720 hatch_pscans_global seed=13 vwrs-b20r: placement 0.3s N=256 E1 0.215
[04:52:49] 291/720 hatch_pscans_global seed=12 vurs-b15: placement 17.6s N=256 E1 0.369
[04:52:51] 292/720 hatch_pscans_global seed=12 vurs-b10: placement 21.4s N=256 E1 0.320
[04:52:52] 293/720 hatch_pscans_global seed=12 vurs-b20r: placement 18.1s N=256 E1 0.406
[04:52:54] 294/720 hatch_pscans_global seed=14 vwrs-b5: placement 1.5s N=256 E1 0.543
[04:52:56] 295/720 hatch_pscans_global seed=14 vwrs-b5r: placement 1.7s N=256 E1 0.397
[04:52:58] 296/720 hatch_pscans_global seed=14 vwrs-b10: placement 0.9s N=256 E1 0.424
[04:52:59] 297/720 hatch_pscans_global seed=12 vurs-b10r: placement 28.0s N=256 E1 0.519
[04:52:59] 298/720 hatch_pscans_global seed=14 vwrs-b10r: placement 0.8s N=256 E1 0.329
[04:53:00] 299/720 hatch_pscans_global seed=14 vwrs-b15: placement 0.5s N=256 E1 0.326
[04:53:00] 300/720 hatch_pscans_global seed=14 vwrs-b15r: placement 0.5s N=256 E1 0.483
[04:53:00] 301/720 hatch_pscans_global seed=14 vwrs-b20: placement 0.4s N=256 E1 0.597
[04:53:01] 302/720 hatch_pscans_global seed=14 vwrs-b20r: placement 0.4s N=256 E1 0.508
[04:53:01] 303/720 hatch_pscans_global seed=12 vurs-b5r: placement 32.0s N=256 E1 0.431
[04:53:02] 304/720 hatch_pscans_global seed=13 vurs-b20: placement 12.8s N=256 E1 0.351
[04:53:03] 305/720 hatch_pscans_global seed=13 vurs-b15: placement 14.7s N=256 E1 0.413
[04:53:03] 306/720 hatch_pscans_global seed=13 vurs-b15r: placement 14.9s N=256 E1 0.508
[04:53:04] 307/720 hatch_pscans_global seed=13 vurs-b20r: placement 12.6s N=256 E1 0.376
[04:53:09] 308/720 hatch_pscans_global seed=13 vurs-b10r: placement 20.5s N=256 E1 0.488
[04:53:09] 309/720 hatch_pscans_global seed=13 vurs-b10: placement 21.0s N=256 E1 0.332
[04:53:10] 310/720 hatch_pscans_global seed=12 vurs-b5: placement 41.0s N=256 E1 0.372
[04:53:11] 311/720 hatch_pscans_global seed=15 vwrs-b5: placement 1.5s N=256 E1 0.350
[04:53:12] 312/720 hatch_pscans_global seed=15 vwrs-b10: placement 0.7s N=256 E1 0.322
[04:53:12] 313/720 hatch_pscans_global seed=15 vwrs-b5r: placement 1.4s N=256 E1 0.449
[04:53:13] 314/720 hatch_pscans_global seed=15 vwrs-b15: placement 0.5s N=256 E1 0.361
[04:53:13] 315/720 hatch_pscans_global seed=15 vwrs-b10r: placement 0.7s N=256 E1 0.351
[04:53:14] 316/720 hatch_pscans_global seed=15 vwrs-b20: placement 0.4s N=256 E1 0.375
[04:53:14] 317/720 hatch_pscans_global seed=15 vwrs-b15r: placement 0.5s N=256 E1 0.709
[04:53:15] 318/720 hatch_pscans_global seed=15 vwrs-b20r: placement 0.4s N=256 E1 0.329
[04:53:16] 319/720 hatch_pscans_global seed=14 vurs-b20: placement 11.7s N=256 E1 0.544
[04:53:18] 320/720 hatch_pscans_global seed=14 vurs-b15: placement 14.7s N=256 E1 0.427
[04:53:20] 321/720 hatch_pscans_global seed=14 vurs-b15r: placement 16.0s N=256 E1 0.385
[04:53:21] 322/720 hatch_pscans_global seed=14 vurs-b20r: placement 12.0s N=256 E1 0.529
[04:53:23] 323/720 hatch_pscans_global seed=14 vurs-b10r: placement 20.2s N=256 E1 0.475
[04:53:23] 324/720 hatch_pscans_global seed=14 vurs-b10: placement 21.6s N=256 E1 0.389
[04:53:28] 325/720 hatch_pscans_global seed=13 vurs-b5r: placement 39.8s N=256 E1 0.258
[04:53:28] 326/720 hatch_pscans_global seed=13 vurs-b5: placement 40.4s N=256 E1 0.331
[04:53:30] 327/720 hatch_pscans_global seed=16 vwrs-b5: placement 1.4s N=256 E1 0.407
[04:53:30] 328/720 hatch_pscans_global seed=16 vwrs-b5r: placement 1.5s N=256 E1 0.569
[04:53:31] 329/720 hatch_pscans_global seed=16 vwrs-b10: placement 0.7s N=256 E1 0.354
[04:53:31] 330/720 hatch_pscans_global seed=16 vwrs-b10r: placement 0.8s N=256 E1 0.486
[04:53:32] 331/720 hatch_pscans_global seed=16 vwrs-b15: placement 0.5s N=256 E1 0.412
[04:53:32] 332/720 hatch_pscans_global seed=16 vwrs-b15r: placement 0.5s N=256 E1 0.424
[04:53:33] 333/720 hatch_pscans_global seed=16 vwrs-b20: placement 0.4s N=256 E1 0.319
[04:53:33] 334/720 hatch_pscans_global seed=16 vwrs-b20r: placement 0.4s N=256 E1 0.309
[04:53:39] 335/720 hatch_pscans_global seed=15 vurs-b20r: placement 15.5s N=256 E1 0.294
[04:53:40] 336/720 hatch_pscans_global seed=15 vurs-b20: placement 17.2s N=256 E1 0.316
[04:53:40] 337/720 hatch_pscans_global seed=15 vurs-b15r: placement 18.8s N=256 E1 0.434
[04:53:41] 338/720 hatch_pscans_global seed=14 vurs-b5: placement 40.0s N=256 E1 0.340
[04:53:41] 339/720 hatch_pscans_global seed=15 vurs-b15: placement 20.9s N=256 E1 0.310
[04:53:43] 340/720 hatch_pscans_global seed=15 vurs-b10: placement 26.4s N=256 E1 0.336
[04:53:44] 341/720 hatch_pscans_global seed=14 vurs-b5r: placement 42.6s N=256 E1 0.349
[04:53:45] 342/720 hatch_pscans_global seed=15 vurs-b10r: placement 25.8s N=256 E1 0.407
[04:53:46] 343/720 hatch_pscans_global seed=17 vwrs-b5: placement 1.6s N=256 E1 0.349
[04:53:47] 344/720 hatch_pscans_global seed=17 vwrs-b5r: placement 1.6s N=256 E1 0.557
[04:53:47] 345/720 hatch_pscans_global seed=17 vwrs-b10: placement 0.7s N=256 E1 0.254
[04:53:48] 346/720 hatch_pscans_global seed=17 vwrs-b10r: placement 0.8s N=256 E1 0.497
[04:53:48] 347/720 hatch_pscans_global seed=17 vwrs-b15: placement 0.5s N=256 E1 0.360
[04:53:49] 348/720 hatch_pscans_global seed=17 vwrs-b15r: placement 0.6s N=256 E1 0.410
[04:53:49] 349/720 hatch_pscans_global seed=17 vwrs-b20: placement 0.4s N=256 E1 0.496
[04:53:50] 350/720 hatch_pscans_global seed=17 vwrs-b20r: placement 0.4s N=256 E1 0.430
[04:53:55] 351/720 hatch_pscans_global seed=16 vurs-b20: placement 13.3s N=256 E1 0.362
[04:53:58] 352/720 hatch_pscans_global seed=16 vurs-b15: placement 17.3s N=256 E1 0.725
[04:53:59] 353/720 hatch_pscans_global seed=16 vurs-b20r: placement 15.6s N=256 E1 0.675
[04:53:59] 354/720 hatch_pscans_global seed=16 vurs-b15r: placement 17.7s N=256 E1 0.318
[04:54:03] 355/720 hatch_pscans_global seed=15 vurs-b5r: placement 47.6s N=256 E1 0.303
[04:54:04] 356/720 hatch_pscans_global seed=15 vurs-b5: placement 49.5s N=256 E1 0.461
[04:54:05] 357/720 hatch_pscans_global seed=16 vurs-b10: placement 24.7s N=256 E1 0.559
[04:54:07] 358/720 hatch_pscans_global seed=18 vwrs-b5: placement 1.8s N=256 E1 0.488
[04:54:09] 359/720 hatch_pscans_global seed=18 vwrs-b5r: placement 1.7s N=256 E1 0.690
[04:54:09] 360/720 hatch_pscans_global seed=16 vurs-b10r: placement 28.5s N=256 E1 0.359
[04:54:10] 361/720 hatch_pscans_global seed=18 vwrs-b10: placement 0.8s N=256 E1 0.494
[04:54:10] 362/720 hatch_pscans_global seed=18 vwrs-b10r: placement 0.7s N=256 E1 0.540
[04:54:11] 363/720 hatch_pscans_global seed=18 vwrs-b15: placement 0.5s N=256 E1 0.426
[04:54:11] 364/720 hatch_pscans_global seed=18 vwrs-b15r: placement 0.5s N=256 E1 0.385
[04:54:12] 365/720 hatch_pscans_global seed=18 vwrs-b20: placement 0.4s N=256 E1 0.257
[04:54:12] 366/720 hatch_pscans_global seed=18 vwrs-b20r: placement 0.4s N=256 E1 0.316
[04:54:18] 367/720 hatch_pscans_global seed=17 vurs-b15r: placement 18.3s N=256 E1 0.389
[04:54:18] 368/720 hatch_pscans_global seed=17 vurs-b20: placement 14.7s N=256 E1 0.511
[04:54:19] 369/720 hatch_pscans_global seed=17 vurs-b15: placement 19.8s N=256 E1 0.387
[04:54:19] 370/720 hatch_pscans_global seed=16 vurs-b5r: placement 45.5s N=256 E1 0.314
[04:54:21] 371/720 hatch_pscans_global seed=17 vurs-b20r: placement 16.9s N=256 E1 0.683
[04:54:23] 372/720 hatch_pscans_global seed=17 vurs-b10: placement 27.4s N=256 E1 0.493
[04:54:26] 373/720 hatch_pscans_global seed=17 vurs-b10r: placement 27.6s N=256 E1 0.398
[04:54:28] 374/720 hatch_pscans_global seed=19 vwrs-b5: placement 1.6s N=256 E1 0.267
[04:54:30] 375/720 hatch_pscans_global seed=19 vwrs-b5r: placement 1.6s N=256 E1 0.486
[04:54:31] 376/720 hatch_pscans_global seed=16 vurs-b5: placement 57.5s N=256 E1 0.315
[04:54:32] 377/720 hatch_pscans_global seed=19 vwrs-b10: placement 0.8s N=256 E1 0.276
[04:54:32] 378/720 hatch_pscans_global seed=19 vwrs-b10r: placement 0.7s N=256 E1 0.294
[04:54:33] 379/720 hatch_pscans_global seed=19 vwrs-b15: placement 0.5s N=256 E1 0.289
[04:54:33] 380/720 hatch_pscans_global seed=19 vwrs-b15r: placement 0.5s N=256 E1 0.395
[04:54:34] 381/720 hatch_pscans_global seed=19 vwrs-b20: placement 0.4s N=256 E1 0.380
[04:54:34] 382/720 hatch_pscans_global seed=19 vwrs-b20r: placement 0.4s N=256 E1 0.439
[04:54:35] 383/720 hatch_pscans_global seed=18 vurs-b15r: placement 15.0s N=256 E1 0.357
[04:54:35] 384/720 hatch_pscans_global seed=18 vurs-b15: placement 15.1s N=256 E1 0.424
[04:54:35] 385/720 hatch_pscans_global seed=18 vurs-b20: placement 13.0s N=256 E1 0.449
[04:54:37] 386/720 hatch_pscans_global seed=18 vurs-b20r: placement 13.4s N=256 E1 0.417
[04:54:39] 387/720 hatch_pscans_global seed=18 vurs-b10: placement 21.0s N=256 E1 0.599
[04:54:39] 388/720 hatch_pscans_global seed=17 vurs-b5r: placement 49.3s N=256 E1 0.483
[04:54:40] 389/720 hatch_pscans_global seed=18 vurs-b10r: placement 20.8s N=256 E1 0.363
[04:54:40] 390/720 hatch_pscans_global seed=17 vurs-b5: placement 50.4s N=256 E1 0.499
[04:54:41] 391/720 hatch_pscans3 seed=0 vwrs-b5: placement 1.0s N=256 E1 0.112
[04:54:41] 392/720 hatch_pscans3 seed=0 vwrs-b5r: placement 1.0s N=256 E1 0.104
[04:54:42] 393/720 hatch_pscans3 seed=0 vwrs-b10: placement 0.5s N=256 E1 0.112
[04:54:42] 394/720 hatch_pscans3 seed=0 vwrs-b10r: placement 0.5s N=256 E1 0.122
[04:54:43] 395/720 hatch_pscans3 seed=0 vwrs-b15: placement 0.4s N=256 E1 0.114
[04:54:43] 396/720 hatch_pscans3 seed=0 vwrs-b15r: placement 0.3s N=256 E1 0.114
[04:54:43] 397/720 hatch_pscans3 seed=0 vwrs-b20: placement 0.3s N=256 E1 0.123
[04:54:44] 398/720 hatch_pscans3 seed=0 vwrs-b20r: placement 0.3s N=256 E1 0.113
[04:54:52] 399/720 hatch_pscans_global seed=18 vurs-b5r: placement 39.6s N=256 E1 0.549
[04:54:54] 400/720 hatch_pscans_global seed=18 vurs-b5: placement 41.0s N=256 E1 0.309
[04:54:56] 401/720 hatch_pscans_global seed=19 vurs-b15: placement 20.4s N=256 E1 0.357
[04:54:57] 402/720 hatch_pscans_global seed=19 vurs-b20r: placement 16.7s N=256 E1 0.608
[04:54:57] 403/720 hatch_pscans_global seed=19 vurs-b15r: placement 19.6s N=256 E1 0.471
[04:54:58] 404/720 hatch_pscans_global seed=19 vurs-b20: placement 17.9s N=256 E1 0.355
[04:55:04] 405/720 hatch_pscans_global seed=19 vurs-b10: placement 29.0s N=256 E1 0.390
[04:55:06] 406/720 hatch_pscans3 seed=1 vwrs-b5: placement 1.3s N=256 E1 0.120
[04:55:06] 407/720 hatch_pscans_global seed=19 vurs-b10r: placement 30.9s N=256 E1 0.346
[04:55:07] 408/720 hatch_pscans3 seed=1 vwrs-b10: placement 0.6s N=256 E1 0.118
[04:55:07] 409/720 hatch_pscans3 seed=1 vwrs-b5r: placement 1.1s N=256 E1 0.119
[04:55:08] 410/720 hatch_pscans3 seed=0 vurs-b20: placement 10.6s N=256 E1 0.120
[04:55:08] 411/720 hatch_pscans3 seed=1 vwrs-b10r: placement 0.5s N=256 E1 0.119
[04:55:08] 412/720 hatch_pscans3 seed=0 vurs-b20r: placement 10.1s N=256 E1 0.115
[04:55:08] 413/720 hatch_pscans3 seed=1 vwrs-b15: placement 0.4s N=256 E1 0.106
[04:55:09] 414/720 hatch_pscans3 seed=1 vwrs-b15r: placement 0.3s N=256 E1 0.114
[04:55:09] 415/720 hatch_pscans3 seed=1 vwrs-b20: placement 0.3s N=256 E1 0.119
[04:55:09] 416/720 hatch_pscans3 seed=1 vwrs-b20r: placement 0.3s N=256 E1 0.121
[04:55:09] 417/720 hatch_pscans3 seed=0 vurs-b15: placement 12.9s N=256 E1 0.124
[04:55:10] 418/720 hatch_pscans3 seed=0 vurs-b15r: placement 12.7s N=256 E1 0.111
[04:55:11] 419/720 hatch_pscans3 seed=0 vurs-b10: placement 18.1s N=256 E1 0.128
[04:55:11] 420/720 hatch_pscans3 seed=0 vurs-b10r: placement 17.5s N=256 E1 0.118
[04:55:17] 421/720 hatch_pscans3 seed=0 vurs-b5: placement 33.5s N=256 E1 0.102
[04:55:19] 422/720 hatch_pscans3 seed=2 vwrs-b5: placement 1.2s N=256 E1 0.120
[04:55:19] 423/720 hatch_pscans3 seed=0 vurs-b5r: placement 34.8s N=256 E1 0.107
[04:55:20] 424/720 hatch_pscans3 seed=2 vwrs-b10: placement 0.6s N=256 E1 0.117
[04:55:20] 425/720 hatch_pscans3 seed=2 vwrs-b5r: placement 1.2s N=256 E1 0.114
[04:55:21] 426/720 hatch_pscans3 seed=2 vwrs-b10r: placement 0.5s N=256 E1 0.107
[04:55:21] 427/720 hatch_pscans3 seed=2 vwrs-b15: placement 0.4s N=256 E1 0.114
[04:55:21] 428/720 hatch_pscans3 seed=2 vwrs-b15r: placement 0.3s N=256 E1 0.106
[04:55:22] 429/720 hatch_pscans3 seed=2 vwrs-b20: placement 0.3s N=256 E1 0.119
[04:55:22] 430/720 hatch_pscans3 seed=2 vwrs-b20r: placement 0.3s N=256 E1 0.122
[04:55:25] 431/720 hatch_pscans3 seed=1 vurs-b20r: placement 13.1s N=256 E1 0.115
[04:55:26] 432/720 hatch_pscans3 seed=1 vurs-b20: placement 14.7s N=256 E1 0.117
[04:55:31] 433/720 hatch_pscans_global seed=19 vurs-b5r: placement 56.5s N=256 E1 0.279
[04:55:31] 434/720 hatch_pscans3 seed=1 vurs-b15: placement 21.7s N=256 E1 0.120
[04:55:31] 435/720 hatch_pscans3 seed=1 vurs-b15r: placement 21.1s N=256 E1 0.102
[04:55:33] 436/720 hatch_pscans_global seed=19 vurs-b5: placement 58.7s N=256 E1 0.323
[04:55:39] 437/720 hatch_pscans3 seed=1 vurs-b10: placement 29.8s N=256 E1 0.109
[04:55:40] 438/720 hatch_pscans3 seed=1 vurs-b10r: placement 30.7s N=256 E1 0.117
[04:55:40] 439/720 hatch_pscans3 seed=3 vwrs-b5: placement 1.2s N=256 E1 0.114
[04:55:41] 440/720 hatch_pscans3 seed=3 vwrs-b10: placement 0.5s N=256 E1 0.105
[04:55:41] 441/720 hatch_pscans3 seed=3 vwrs-b5r: placement 1.1s N=256 E1 0.099
[04:55:42] 442/720 hatch_pscans3 seed=3 vwrs-b15: placement 0.4s N=256 E1 0.112
[04:55:42] 443/720 hatch_pscans3 seed=3 vwrs-b10r: placement 0.5s N=256 E1 0.118
[04:55:43] 444/720 hatch_pscans3 seed=3 vwrs-b20: placement 0.3s N=256 E1 0.113
[04:55:43] 445/720 hatch_pscans3 seed=3 vwrs-b15r: placement 0.4s N=256 E1 0.110
[04:55:43] 446/720 hatch_pscans3 seed=3 vwrs-b20r: placement 0.2s N=256 E1 0.115
[04:55:44] 447/720 hatch_pscans3 seed=2 vurs-b20: placement 12.0s N=256 E1 0.112
[04:55:45] 448/720 hatch_pscans3 seed=2 vurs-b20r: placement 11.9s N=256 E1 0.123
[04:55:46] 449/720 hatch_pscans3 seed=2 vurs-b15: placement 14.7s N=256 E1 0.116
[04:55:46] 450/720 hatch_pscans3 seed=2 vurs-b15r: placement 14.4s N=256 E1 0.122
[04:55:46] 451/720 hatch_pscans3 seed=2 vurs-b10: placement 21.1s N=256 E1 0.121
[04:55:47] 452/720 hatch_pscans3 seed=2 vurs-b10r: placement 20.3s N=256 E1 0.116
[04:56:00] 453/720 hatch_pscans3 seed=3 vurs-b15: placement 14.2s N=256 E1 0.117
[04:56:01] 454/720 hatch_pscans3 seed=2 vurs-b5r: placement 38.9s N=256 E1 0.112
[04:56:01] 455/720 hatch_pscans3 seed=2 vurs-b5: placement 39.4s N=256 E1 0.125
[04:56:02] 456/720 hatch_pscans3 seed=4 vwrs-b5: placement 1.1s N=256 E1 0.120
[04:56:02] 457/720 hatch_pscans3 seed=1 vurs-b5r: placement 53.0s N=256 E1 0.122
[04:56:02] 458/720 hatch_pscans3 seed=4 vwrs-b10: placement 0.5s N=256 E1 0.112
[04:56:03] 459/720 hatch_pscans3 seed=4 vwrs-b10r: placement 0.5s N=256 E1 0.112
[04:56:03] 460/720 hatch_pscans3 seed=4 vwrs-b5r: placement 1.0s N=256 E1 0.110
[04:56:03] 461/720 hatch_pscans3 seed=4 vwrs-b15: placement 0.4s N=256 E1 0.116
[04:56:03] 462/720 hatch_pscans3 seed=3 vurs-b20: placement 16.1s N=256 E1 0.116
[04:56:03] 463/720 hatch_pscans3 seed=4 vwrs-b15r: placement 0.3s N=256 E1 0.114
[04:56:03] 464/720 hatch_pscans3 seed=4 vwrs-b20: placement 0.2s N=256 E1 0.113
[04:56:03] 465/720 hatch_pscans3 seed=4 vwrs-b20r: placement 0.2s N=256 E1 0.119
[04:56:04] 466/720 hatch_pscans3 seed=1 vurs-b5: placement 55.4s N=256 E1 0.111
[04:56:04] 467/720 hatch_pscans3 seed=3 vurs-b20r: placement 17.4s N=256 E1 0.102
[04:56:07] 468/720 hatch_pscans3 seed=3 vurs-b15r: placement 20.3s N=256 E1 0.122
[04:56:10] 469/720 hatch_pscans3 seed=3 vurs-b10r: placement 24.8s N=256 E1 0.111
[04:56:12] 470/720 hatch_pscans3 seed=5 vwrs-b5: placement 1.1s N=256 E1 0.109
[04:56:13] 471/720 hatch_pscans3 seed=5 vwrs-b5r: placement 1.1s N=256 E1 0.109
[04:56:14] 472/720 hatch_pscans3 seed=5 vwrs-b10: placement 0.5s N=256 E1 0.112
[04:56:15] 473/720 hatch_pscans3 seed=5 vwrs-b10r: placement 0.5s N=256 E1 0.114
[04:56:15] 474/720 hatch_pscans3 seed=3 vurs-b10: placement 31.3s N=256 E1 0.115
[04:56:15] 475/720 hatch_pscans3 seed=4 vurs-b20: placement 10.7s N=256 E1 0.122
[04:56:16] 476/720 hatch_pscans3 seed=5 vwrs-b15: placement 0.4s N=256 E1 0.108
[04:56:16] 477/720 hatch_pscans3 seed=5 vwrs-b15r: placement 0.3s N=256 E1 0.122
[04:56:16] 478/720 hatch_pscans3 seed=5 vwrs-b20: placement 0.3s N=256 E1 0.114
[04:56:16] 479/720 hatch_pscans3 seed=4 vurs-b15: placement 12.8s N=256 E1 0.125
[04:56:16] 480/720 hatch_pscans3 seed=5 vwrs-b20r: placement 0.2s N=256 E1 0.111
[04:56:18] 481/720 hatch_pscans3 seed=4 vurs-b20r: placement 10.5s N=256 E1 0.118
[04:56:18] 482/720 hatch_pscans3 seed=4 vurs-b15r: placement 13.1s N=256 E1 0.115
[04:56:21] 483/720 hatch_pscans3 seed=4 vurs-b10r: placement 17.0s N=256 E1 0.103
[04:56:21] 484/720 hatch_pscans3 seed=4 vurs-b10: placement 17.3s N=256 E1 0.120
[04:56:36] 485/720 hatch_pscans3 seed=3 vurs-b5r: placement 52.3s N=256 E1 0.116
[04:56:38] 486/720 hatch_pscans3 seed=6 vwrs-b5: placement 1.1s N=256 E1 0.115
[04:56:39] 487/720 hatch_pscans3 seed=6 vwrs-b5r: placement 1.2s N=256 E1 0.110
[04:56:40] 488/720 hatch_pscans3 seed=6 vwrs-b10: placement 0.6s N=256 E1 0.115
[04:56:41] 489/720 hatch_pscans3 seed=5 vurs-b15r: placement 22.6s N=256 E1 0.109
[04:56:41] 490/720 hatch_pscans3 seed=4 vurs-b5r: placement 37.7s N=256 E1 0.108
[04:56:41] 491/720 hatch_pscans3 seed=5 vurs-b20r: placement 20.1s N=256 E1 0.115
[04:56:41] 492/720 hatch_pscans3 seed=4 vurs-b5: placement 38.1s N=256 E1 0.114
[04:56:41] 493/720 hatch_pscans3 seed=6 vwrs-b10r: placement 0.5s N=256 E1 0.109
[04:56:41] 494/720 hatch_pscans3 seed=6 vwrs-b15: placement 0.3s N=256 E1 0.116
[04:56:41] 495/720 hatch_pscans3 seed=6 vwrs-b15r: placement 0.3s N=256 E1 0.110
[04:56:42] 496/720 hatch_pscans3 seed=6 vwrs-b20r: placement 0.2s N=256 E1 0.126
[04:56:42] 497/720 hatch_pscans3 seed=6 vwrs-b20: placement 0.3s N=256 E1 0.115
[04:56:42] 498/720 hatch_pscans3 seed=5 vurs-b15: placement 24.0s N=256 E1 0.121
[04:56:42] 499/720 hatch_pscans3 seed=5 vurs-b20: placement 21.1s N=256 E1 0.118
[04:56:42] 500/720 hatch_pscans3 seed=3 vurs-b5: placement 59.2s N=256 E1 0.122
[04:56:48] 501/720 hatch_pscans3 seed=5 vurs-b10r: placement 30.8s N=256 E1 0.113
[04:56:49] 502/720 hatch_pscans3 seed=7 vwrs-b5: placement 1.2s N=256 E1 0.113
[04:56:50] 503/720 hatch_pscans3 seed=5 vurs-b10: placement 33.9s N=256 E1 0.110
[04:56:51] 504/720 hatch_pscans3 seed=7 vwrs-b5r: placement 1.2s N=256 E1 0.126
[04:56:51] 505/720 hatch_pscans3 seed=7 vwrs-b10: placement 0.6s N=256 E1 0.114
[04:56:52] 506/720 hatch_pscans3 seed=7 vwrs-b10r: placement 0.5s N=256 E1 0.116
[04:56:52] 507/720 hatch_pscans3 seed=7 vwrs-b15: placement 0.4s N=256 E1 0.122
[04:56:52] 508/720 hatch_pscans3 seed=7 vwrs-b15r: placement 0.4s N=256 E1 0.113
[04:56:53] 509/720 hatch_pscans3 seed=7 vwrs-b20: placement 0.3s N=256 E1 0.114
[04:56:53] 510/720 hatch_pscans3 seed=7 vwrs-b20r: placement 0.3s N=256 E1 0.118
[04:56:55] 511/720 hatch_pscans3 seed=6 vurs-b20r: placement 12.0s N=256 E1 0.124
[04:56:56] 512/720 hatch_pscans3 seed=6 vurs-b20: placement 13.5s N=256 E1 0.110
[04:56:57] 513/720 hatch_pscans3 seed=6 vurs-b15: placement 14.7s N=256 E1 0.116
[04:56:57] 514/720 hatch_pscans3 seed=6 vurs-b15r: placement 15.1s N=256 E1 0.113
[04:57:04] 515/720 hatch_pscans3 seed=6 vurs-b10r: placement 21.8s N=256 E1 0.123
[04:57:04] 516/720 hatch_pscans3 seed=6 vurs-b10: placement 22.2s N=256 E1 0.110
[04:57:12] 517/720 hatch_pscans3 seed=5 vurs-b5: placement 55.2s N=256 E1 0.107
[04:57:13] 518/720 hatch_pscans3 seed=8 vwrs-b5: placement 1.2s N=256 E1 0.110
[04:57:15] 519/720 hatch_pscans3 seed=8 vwrs-b5r: placement 1.2s N=256 E1 0.110
[04:57:16] 520/720 hatch_pscans3 seed=8 vwrs-b10: placement 0.7s N=256 E1 0.105
[04:57:17] 521/720 hatch_pscans3 seed=8 vwrs-b10r: placement 0.7s N=256 E1 0.115
[04:57:17] 522/720 hatch_pscans3 seed=7 vurs-b20: placement 13.1s N=256 E1 0.116
[04:57:18] 523/720 hatch_pscans3 seed=7 vurs-b15r: placement 19.9s N=256 E1 0.116
[04:57:18] 524/720 hatch_pscans3 seed=8 vwrs-b15: placement 0.5s N=256 E1 0.106
[04:57:18] 525/720 hatch_pscans3 seed=8 vwrs-b15r: placement 0.4s N=256 E1 0.107
[04:57:18] 526/720 hatch_pscans3 seed=8 vwrs-b20: placement 0.3s N=256 E1 0.120
[04:57:19] 527/720 hatch_pscans3 seed=8 vwrs-b20r: placement 0.3s N=256 E1 0.114
[04:57:19] 528/720 hatch_pscans3 seed=7 vurs-b10: placement 24.2s N=256 E1 0.116
[04:57:21] 529/720 hatch_pscans3 seed=7 vurs-b15: placement 23.9s N=256 E1 0.118
[04:57:21] 530/720 hatch_pscans3 seed=5 vurs-b5r: placement 64.9s N=256 E1 0.115
[04:57:26] 531/720 hatch_pscans3 seed=7 vurs-b20r: placement 21.1s N=256 E1 0.127
[04:57:26] 532/720 hatch_pscans3 seed=6 vurs-b5: placement 44.5s N=256 E1 0.107
[04:57:27] 533/720 hatch_pscans3 seed=6 vurs-b5r: placement 45.6s N=256 E1 0.115
[04:57:29] 534/720 hatch_pscans3 seed=7 vurs-b10r: placement 32.5s N=256 E1 0.126
[04:57:29] 535/720 hatch_pscans3 seed=9 vwrs-b5: placement 1.3s N=256 E1 0.105
[04:57:30] 536/720 hatch_pscans3 seed=9 vwrs-b10: placement 0.6s N=256 E1 0.116
[04:57:30] 537/720 hatch_pscans3 seed=9 vwrs-b5r: placement 1.1s N=256 E1 0.112
[04:57:31] 538/720 hatch_pscans3 seed=9 vwrs-b10r: placement 0.5s N=256 E1 0.113
[04:57:31] 539/720 hatch_pscans3 seed=9 vwrs-b15: placement 0.4s N=256 E1 0.110
[04:57:31] 540/720 hatch_pscans3 seed=9 vwrs-b15r: placement 0.4s N=256 E1 0.110
[04:57:32] 541/720 hatch_pscans3 seed=9 vwrs-b20: placement 0.3s N=256 E1 0.130
[04:57:32] 542/720 hatch_pscans3 seed=9 vwrs-b20r: placement 0.3s N=256 E1 0.117
[04:57:36] 543/720 hatch_pscans3 seed=8 vurs-b15r: placement 14.2s N=256 E1 0.108
[04:57:36] 544/720 hatch_pscans3 seed=8 vurs-b15: placement 14.6s N=256 E1 0.106
[04:57:38] 545/720 hatch_pscans3 seed=8 vurs-b20r: placement 11.4s N=256 E1 0.118
[04:57:38] 546/720 hatch_pscans3 seed=8 vurs-b20: placement 11.9s N=256 E1 0.106
[04:57:39] 547/720 hatch_pscans3 seed=8 vurs-b10: placement 20.0s N=256 E1 0.111
[04:57:40] 548/720 hatch_pscans3 seed=8 vurs-b10r: placement 20.2s N=256 E1 0.110
[04:57:47] 549/720 hatch_pscans3 seed=7 vurs-b5: placement 54.1s N=256 E1 0.122
[04:57:49] 550/720 hatch_pscans3 seed=10 vwrs-b5: placement 1.2s N=256 E1 0.110
[04:57:51] 551/720 hatch_pscans3 seed=10 vwrs-b5r: placement 1.2s N=256 E1 0.108
[04:57:52] 552/720 hatch_pscans3 seed=7 vurs-b5r: placement 58.0s N=256 E1 0.112
[04:57:52] 553/720 hatch_pscans3 seed=10 vwrs-b10: placement 0.6s N=256 E1 0.114
[04:57:53] 554/720 hatch_pscans3 seed=10 vwrs-b10r: placement 0.6s N=256 E1 0.111
[04:57:53] 555/720 hatch_pscans3 seed=10 vwrs-b15: placement 0.4s N=256 E1 0.111
[04:57:53] 556/720 hatch_pscans3 seed=9 vurs-b10r: placement 16.4s N=256 E1 0.129
[04:57:53] 557/720 hatch_pscans3 seed=10 vwrs-b15r: placement 0.4s N=256 E1 0.125
[04:57:53] 558/720 hatch_pscans3 seed=10 vwrs-b20: placement 0.3s N=256 E1 0.114
[04:57:53] 559/720 hatch_pscans3 seed=10 vwrs-b20r: placement 0.3s N=256 E1 0.112
[04:57:58] 560/720 hatch_pscans3 seed=9 vurs-b20r: placement 17.4s N=256 E1 0.105
[04:57:58] 561/720 hatch_pscans3 seed=9 vurs-b15: placement 20.1s N=256 E1 0.118
[04:57:59] 562/720 hatch_pscans3 seed=8 vurs-b5: placement 40.2s N=256 E1 0.110
[04:57:59] 563/720 hatch_pscans3 seed=9 vurs-b20: placement 19.8s N=256 E1 0.119
[04:57:59] 564/720 hatch_pscans3 seed=8 vurs-b5r: placement 40.5s N=256 E1 0.112
[04:58:02] 565/720 hatch_pscans3 seed=9 vurs-b15r: placement 23.5s N=256 E1 0.124
[04:58:03] 566/720 hatch_pscans3 seed=11 vwrs-b5: placement 1.1s N=256 E1 0.106
[04:58:05] 567/720 hatch_pscans3 seed=11 vwrs-b5r: placement 1.2s N=256 E1 0.110
[04:58:06] 568/720 hatch_pscans3 seed=11 vwrs-b10: placement 0.7s N=256 E1 0.111
[04:58:07] 569/720 hatch_pscans3 seed=11 vwrs-b10r: placement 0.6s N=256 E1 0.106
[04:58:08] 570/720 hatch_pscans3 seed=11 vwrs-b15: placement 0.5s N=256 E1 0.108
[04:58:09] 571/720 hatch_pscans3 seed=11 vwrs-b15r: placement 0.5s N=256 E1 0.113
[04:58:09] 572/720 hatch_pscans3 seed=11 vwrs-b20: placement 0.4s N=256 E1 0.108
[04:58:09] 573/720 hatch_pscans3 seed=9 vurs-b10: placement 33.1s N=256 E1 0.128
[04:58:10] 574/720 hatch_pscans3 seed=11 vwrs-b20r: placement 0.3s N=256 E1 0.113
[04:58:11] 575/720 hatch_pscans3 seed=10 vurs-b20r: placement 11.8s N=256 E1 0.112
[04:58:11] 576/720 hatch_pscans3 seed=10 vurs-b20: placement 12.0s N=256 E1 0.124
[04:58:13] 577/720 hatch_pscans3 seed=10 vurs-b15: placement 14.1s N=256 E1 0.123
[04:58:13] 578/720 hatch_pscans3 seed=9 vurs-b5r: placement 41.0s N=256 E1 0.112
[04:58:13] 579/720 hatch_pscans3 seed=10 vurs-b15r: placement 14.4s N=256 E1 0.122
[04:58:14] 580/720 hatch_pscans3 seed=10 vurs-b10: placement 20.4s N=256 E1 0.112
[04:58:17] 581/720 hatch_pscans3 seed=10 vurs-b10r: placement 19.3s N=256 E1 0.116
[04:58:19] 582/720 hatch_pscans3 seed=12 vwrs-b5: placement 1.3s N=256 E1 0.110
[04:58:21] 583/720 hatch_pscans3 seed=12 vwrs-b5r: placement 1.2s N=256 E1 0.119
[04:58:22] 584/720 hatch_pscans3 seed=12 vwrs-b10: placement 0.6s N=256 E1 0.108
[04:58:23] 585/720 hatch_pscans3 seed=12 vwrs-b10r: placement 0.6s N=256 E1 0.109
[04:58:24] 586/720 hatch_pscans3 seed=12 vwrs-b15: placement 0.4s N=256 E1 0.111
[04:58:24] 587/720 hatch_pscans3 seed=9 vurs-b5: placement 51.8s N=256 E1 0.109
[04:58:24] 588/720 hatch_pscans3 seed=12 vwrs-b15r: placement 0.4s N=256 E1 0.125
[04:58:24] 589/720 hatch_pscans3 seed=12 vwrs-b20: placement 0.3s N=256 E1 0.110
[04:58:25] 590/720 hatch_pscans3 seed=12 vwrs-b20r: placement 0.3s N=256 E1 0.114
[04:58:28] 591/720 hatch_pscans3 seed=11 vurs-b20: placement 14.4s N=256 E1 0.123
[04:58:29] 592/720 hatch_pscans3 seed=11 vurs-b20r: placement 14.8s N=256 E1 0.115
[04:58:31] 593/720 hatch_pscans3 seed=10 vurs-b5r: placement 37.7s N=256 E1 0.120
[04:58:32] 594/720 hatch_pscans3 seed=11 vurs-b15r: placement 18.2s N=256 E1 0.112
[04:58:32] 595/720 hatch_pscans3 seed=11 vurs-b15: placement 19.3s N=256 E1 0.116
[04:58:34] 596/720 hatch_pscans3 seed=11 vurs-b10: placement 22.8s N=256 E1 0.113
[04:58:35] 597/720 hatch_pscans3 seed=10 vurs-b5: placement 40.9s N=256 E1 0.120
[04:58:36] 598/720 hatch_pscans3 seed=11 vurs-b10r: placement 23.9s N=256 E1 0.125
[04:58:36] 599/720 hatch_pscans3 seed=13 vwrs-b5: placement 1.2s N=256 E1 0.115
[04:58:37] 600/720 hatch_pscans3 seed=13 vwrs-b10: placement 0.5s N=256 E1 0.117
[04:58:37] 601/720 hatch_pscans3 seed=13 vwrs-b5r: placement 1.0s N=256 E1 0.124
[04:58:38] 602/720 hatch_pscans3 seed=13 vwrs-b15: placement 0.4s N=256 E1 0.112
[04:58:38] 603/720 hatch_pscans3 seed=13 vwrs-b10r: placement 0.6s N=256 E1 0.108
[04:58:39] 604/720 hatch_pscans3 seed=13 vwrs-b15r: placement 0.4s N=256 E1 0.109
[04:58:39] 605/720 hatch_pscans3 seed=13 vwrs-b20: placement 0.3s N=256 E1 0.120
[04:58:39] 606/720 hatch_pscans3 seed=13 vwrs-b20r: placement 0.3s N=256 E1 0.112
[04:58:47] 607/720 hatch_pscans3 seed=12 vurs-b20: placement 13.9s N=256 E1 0.114
[04:58:51] 608/720 hatch_pscans3 seed=12 vurs-b15: placement 18.7s N=256 E1 0.106
[04:58:52] 609/720 hatch_pscans3 seed=12 vurs-b20r: placement 16.8s N=256 E1 0.112
[04:58:52] 610/720 hatch_pscans3 seed=12 vurs-b15r: placement 19.4s N=256 E1 0.110
[04:58:55] 611/720 hatch_pscans3 seed=12 vurs-b10: placement 26.0s N=256 E1 0.113
[04:58:55] 612/720 hatch_pscans3 seed=12 vurs-b10r: placement 25.1s N=256 E1 0.120
[04:58:59] 613/720 hatch_pscans3 seed=11 vurs-b5r: placement 48.0s N=256 E1 0.110
[04:59:00] 614/720 hatch_pscans3 seed=11 vurs-b5: placement 50.0s N=256 E1 0.114
[04:59:00] 615/720 hatch_pscans3 seed=14 vwrs-b5: placement 1.2s N=256 E1 0.108
[04:59:01] 616/720 hatch_pscans3 seed=14 vwrs-b10: placement 0.6s N=256 E1 0.107
[04:59:01] 617/720 hatch_pscans3 seed=14 vwrs-b5r: placement 1.2s N=256 E1 0.128
[04:59:02] 618/720 hatch_pscans3 seed=14 vwrs-b10r: placement 0.6s N=256 E1 0.123
[04:59:02] 619/720 hatch_pscans3 seed=14 vwrs-b15: placement 0.4s N=256 E1 0.118
[04:59:03] 620/720 hatch_pscans3 seed=14 vwrs-b15r: placement 0.4s N=256 E1 0.120
[04:59:03] 621/720 hatch_pscans3 seed=14 vwrs-b20: placement 0.3s N=256 E1 0.113
[04:59:04] 622/720 hatch_pscans3 seed=14 vwrs-b20r: placement 0.3s N=256 E1 0.121
[04:59:06] 623/720 hatch_pscans3 seed=13 vurs-b15: placement 14.3s N=256 E1 0.122
[04:59:07] 624/720 hatch_pscans3 seed=13 vurs-b15r: placement 14.8s N=256 E1 0.105
[04:59:07] 625/720 hatch_pscans3 seed=13 vurs-b20r: placement 11.7s N=256 E1 0.128
[04:59:07] 626/720 hatch_pscans3 seed=13 vurs-b20: placement 12.0s N=256 E1 0.117
[04:59:07] 627/720 hatch_pscans3 seed=13 vurs-b10: placement 20.1s N=256 E1 0.107
[04:59:10] 628/720 hatch_pscans3 seed=13 vurs-b10r: placement 19.5s N=256 E1 0.116
[04:59:13] 629/720 hatch_pscans3 seed=12 vurs-b5: placement 48.6s N=256 E1 0.116
[04:59:15] 630/720 hatch_pscans3 seed=15 vwrs-b5: placement 1.2s N=256 E1 0.117
[04:59:17] 631/720 hatch_pscans3 seed=15 vwrs-b5r: placement 1.2s N=256 E1 0.126
[04:59:17] 632/720 hatch_pscans3 seed=13 vurs-b5: placement 37.7s N=256 E1 0.108
[04:59:18] 633/720 hatch_pscans3 seed=15 vwrs-b10: placement 0.6s N=256 E1 0.115
[04:59:18] 634/720 hatch_pscans3 seed=15 vwrs-b10r: placement 0.6s N=256 E1 0.112
[04:59:18] 635/720 hatch_pscans3 seed=13 vurs-b5r: placement 38.4s N=256 E1 0.115
[04:59:19] 636/720 hatch_pscans3 seed=15 vwrs-b15r: placement 0.4s N=256 E1 0.119
[04:59:19] 637/720 hatch_pscans3 seed=15 vwrs-b15: placement 0.4s N=256 E1 0.111
[04:59:19] 638/720 hatch_pscans3 seed=15 vwrs-b20: placement 0.3s N=256 E1 0.114
[04:59:19] 639/720 hatch_pscans3 seed=15 vwrs-b20r: placement 0.3s N=256 E1 0.124
[04:59:21] 640/720 hatch_pscans3 seed=14 vurs-b20: placement 13.6s N=256 E1 0.127
[04:59:24] 641/720 hatch_pscans3 seed=14 vurs-b15: placement 16.3s N=256 E1 0.108
[04:59:25] 642/720 hatch_pscans3 seed=14 vurs-b15r: placement 17.5s N=256 E1 0.119
[04:59:25] 643/720 hatch_pscans3 seed=14 vurs-b20r: placement 14.2s N=256 E1 0.119
[04:59:27] 644/720 hatch_pscans3 seed=12 vurs-b5r: placement 61.3s N=256 E1 0.125
[04:59:30] 645/720 hatch_pscans3 seed=14 vurs-b10: placement 22.8s N=256 E1 0.115
[04:59:31] 646/720 hatch_pscans3 seed=16 vwrs-b5: placement 1.2s N=256 E1 0.115
[04:59:32] 647/720 hatch_pscans3 seed=14 vurs-b10r: placement 24.5s N=256 E1 0.117
[04:59:33] 648/720 hatch_pscans3 seed=16 vwrs-b5r: placement 1.1s N=256 E1 0.122
[04:59:33] 649/720 hatch_pscans3 seed=16 vwrs-b10: placement 0.6s N=256 E1 0.117
[04:59:34] 650/720 hatch_pscans3 seed=16 vwrs-b15: placement 0.4s N=256 E1 0.114
[04:59:34] 651/720 hatch_pscans3 seed=16 vwrs-b10r: placement 0.6s N=256 E1 0.115
[04:59:34] 652/720 hatch_pscans3 seed=16 vwrs-b15r: placement 0.4s N=256 E1 0.125
[04:59:34] 653/720 hatch_pscans3 seed=16 vwrs-b20: placement 0.3s N=256 E1 0.113
[04:59:35] 654/720 hatch_pscans3 seed=16 vwrs-b20r: placement 0.3s N=256 E1 0.112
[04:59:37] 655/720 hatch_pscans3 seed=15 vurs-b20: placement 11.8s N=256 E1 0.113
[04:59:38] 656/720 hatch_pscans3 seed=15 vurs-b15: placement 14.5s N=256 E1 0.117
[04:59:40] 657/720 hatch_pscans3 seed=15 vurs-b20r: placement 12.4s N=256 E1 0.120
[04:59:40] 658/720 hatch_pscans3 seed=15 vurs-b15r: placement 14.7s N=256 E1 0.121
[04:59:40] 659/720 hatch_pscans3 seed=15 vurs-b10: placement 20.3s N=256 E1 0.118
[04:59:42] 660/720 hatch_pscans3 seed=15 vurs-b10r: placement 20.3s N=256 E1 0.124
[04:59:52] 661/720 hatch_pscans3 seed=14 vurs-b5: placement 49.0s N=256 E1 0.120
[04:59:54] 662/720 hatch_pscans3 seed=16 vurs-b20: placement 13.3s N=256 E1 0.116
[04:59:54] 663/720 hatch_pscans3 seed=17 vwrs-b5: placement 1.2s N=256 E1 0.112
[04:59:55] 664/720 hatch_pscans3 seed=14 vurs-b5r: placement 50.6s N=256 E1 0.115
[04:59:55] 665/720 hatch_pscans3 seed=17 vwrs-b10: placement 0.5s N=256 E1 0.113
[04:59:55] 666/720 hatch_pscans3 seed=17 vwrs-b5r: placement 1.1s N=256 E1 0.113
[04:59:56] 667/720 hatch_pscans3 seed=17 vwrs-b10r: placement 0.7s N=256 E1 0.118
[04:59:56] 668/720 hatch_pscans3 seed=17 vwrs-b15: placement 0.5s N=256 E1 0.112
[04:59:56] 669/720 hatch_pscans3 seed=17 vwrs-b15r: placement 0.4s N=256 E1 0.122
[04:59:56] 670/720 hatch_pscans3 seed=17 vwrs-b20: placement 0.3s N=256 E1 0.111
[04:59:57] 671/720 hatch_pscans3 seed=17 vwrs-b20r: placement 0.3s N=256 E1 0.122
[05:00:00] 672/720 hatch_pscans3 seed=16 vurs-b15: placement 20.0s N=256 E1 0.113
[05:00:00] 673/720 hatch_pscans3 seed=15 vurs-b5r: placement 40.9s N=256 E1 0.110
[05:00:00] 674/720 hatch_pscans3 seed=15 vurs-b5: placement 41.2s N=256 E1 0.104
[05:00:01] 675/720 hatch_pscans3 seed=16 vurs-b15r: placement 20.4s N=256 E1 0.116
[05:00:01] 676/720 hatch_pscans3 seed=16 vurs-b20r: placement 19.1s N=256 E1 0.107
[05:00:06] 677/720 hatch_pscans3 seed=16 vurs-b10: placement 28.8s N=256 E1 0.111
[05:00:08] 678/720 hatch_pscans3 seed=16 vurs-b10r: placement 29.0s N=256 E1 0.118
[05:00:08] 679/720 hatch_pscans3 seed=18 vwrs-b5: placement 1.3s N=256 E1 0.121
[05:00:09] 680/720 hatch_pscans3 seed=18 vwrs-b10: placement 0.6s N=256 E1 0.103
[05:00:09] 681/720 hatch_pscans3 seed=18 vwrs-b5r: placement 1.1s N=256 E1 0.105
[05:00:10] 682/720 hatch_pscans3 seed=18 vwrs-b10r: placement 0.6s N=256 E1 0.112
[05:00:10] 683/720 hatch_pscans3 seed=18 vwrs-b15: placement 0.4s N=256 E1 0.113
[05:00:11] 684/720 hatch_pscans3 seed=18 vwrs-b15r: placement 0.4s N=256 E1 0.112
[05:00:11] 685/720 hatch_pscans3 seed=18 vwrs-b20: placement 0.3s N=256 E1 0.112
[05:00:11] 686/720 hatch_pscans3 seed=18 vwrs-b20r: placement 0.3s N=256 E1 0.115
[05:00:13] 687/720 hatch_pscans3 seed=17 vurs-b20: placement 11.9s N=256 E1 0.114
[05:00:22] 688/720 hatch_pscans3 seed=16 vurs-b5: placement 47.4s N=256 E1 0.106
[05:00:23] 689/720 hatch_pscans3 seed=17 vurs-b20r: placement 20.8s N=256 E1 0.123
[05:00:23] 690/720 hatch_pscans3 seed=17 vurs-b15: placement 22.6s N=256 E1 0.115
[05:00:25] 691/720 hatch_pscans3 seed=17 vurs-b10: placement 27.7s N=256 E1 0.103
[05:00:28] 692/720 hatch_pscans3 seed=17 vurs-b15r: placement 27.2s N=256 E1 0.116
[05:00:37] 693/720 hatch_pscans3 seed=18 vurs-b10: placement 23.2s N=256 E1 0.110
[05:00:38] 694/720 hatch_pscans3 seed=19 vwrs-b5: placement 1.2s N=256 E1 0.115
[05:00:39] 695/720 hatch_pscans3 seed=17 vurs-b10r: placement 38.7s N=256 E1 0.120
[05:00:39] 696/720 hatch_pscans3 seed=18 vurs-b20: placement 14.3s N=256 E1 0.116
[05:00:40] 697/720 hatch_pscans3 seed=18 vurs-b15r: placement 16.4s N=256 E1 0.119
[05:00:40] 698/720 hatch_pscans3 seed=19 vwrs-b5r: placement 1.2s N=256 E1 0.112
[05:00:40] 699/720 hatch_pscans3 seed=18 vurs-b15: placement 17.1s N=256 E1 0.116
[05:00:40] 700/720 hatch_pscans3 seed=19 vwrs-b10: placement 0.6s N=256 E1 0.105
[05:00:40] 701/720 hatch_pscans3 seed=19 vwrs-b10r: placement 0.6s N=256 E1 0.107
[05:00:41] 702/720 hatch_pscans3 seed=19 vwrs-b15: placement 0.4s N=256 E1 0.119
[05:00:41] 703/720 hatch_pscans3 seed=19 vwrs-b15r: placement 0.4s N=256 E1 0.127
[05:00:41] 704/720 hatch_pscans3 seed=19 vwrs-b20: placement 0.3s N=256 E1 0.108
[05:00:41] 705/720 hatch_pscans3 seed=19 vwrs-b20r: placement 0.3s N=256 E1 0.127
[05:00:42] 706/720 hatch_pscans3 seed=18 vurs-b20r: placement 13.5s N=256 E1 0.123
[05:00:43] 707/720 hatch_pscans3 seed=16 vurs-b5r: placement 67.5s N=256 E1 0.120
[05:00:44] 708/720 hatch_pscans3 seed=18 vurs-b10r: placement 21.3s N=256 E1 0.115
[05:00:53] 709/720 hatch_pscans3 seed=18 vurs-b5: placement 42.0s N=256 E1 0.113
[05:00:54] 710/720 hatch_pscans3 seed=18 vurs-b5r: placement 42.4s N=256 E1 0.115
[05:00:55] 711/720 hatch_pscans3 seed=17 vurs-b5: placement 58.7s N=256 E1 0.122
[05:00:57] 712/720 hatch_pscans3 seed=17 vurs-b5r: placement 59.8s N=256 E1 0.109
[05:00:58] 713/720 hatch_pscans3 seed=19 vurs-b20r: placement 14.3s N=256 E1 0.120
[05:00:59] 714/720 hatch_pscans3 seed=19 vurs-b20: placement 15.8s N=256 E1 0.122
[05:01:02] 715/720 hatch_pscans3 seed=19 vurs-b15r: placement 19.7s N=256 E1 0.119
[05:01:03] 716/720 hatch_pscans3 seed=19 vurs-b15: placement 21.7s N=256 E1 0.114
[05:01:03] 717/720 hatch_pscans3 seed=19 vurs-b10r: placement 22.1s N=256 E1 0.116
[05:01:05] 718/720 hatch_pscans3 seed=19 vurs-b10: placement 24.3s N=256 E1 0.119
[05:01:13] 719/720 hatch_pscans3 seed=19 vurs-b5r: placement 31.8s N=256 E1 0.125
[05:01:13] 720/720 hatch_pscans3 seed=19 vurs-b5: placement 33.0s N=256 E1 0.124
done in 1372s
